---
source: crates/ppcjit/src/test.rs
expression: clir
---
function u0:0(i64, i64, i64) tail {
    ss0 = explicit_slot 8, align = 8
    gv0 = symbol userextname28
    gv1 = symbol userextname29
    gv2 = symbol userextname30
    gv3 = symbol userextname31
    gv4 = symbol userextname32
    gv5 = symbol userextname33
    gv6 = symbol userextname34
    gv7 = symbol userextname35
    gv8 = symbol userextname36
    gv9 = symbol userextname37
    gv10 = symbol userextname38
    gv11 = symbol userextname39
    gv12 = symbol userextname40
    gv13 = symbol userextname41
    gv14 = symbol userextname42
    gv15 = symbol userextname43
    gv16 = symbol userextname44
    gv17 = symbol userextname45
    sig0 = (i64, i64, i64) tail
    sig1 = (i64, i64, i64, i32) -> i64 system_v
    sig2 = (i64, i32, i64) -> i8 system_v
    sig3 = (i64, i32, i64) -> i8 system_v
    sig4 = (i64, i32, i64) -> i8 system_v
    sig5 = (i64, i32, i64) -> i8 system_v
    sig6 = (i64, i32, i8) -> i8 system_v
    sig7 = (i64, i32, i16) -> i8 system_v
    sig8 = (i64, i32, i32) -> i8 system_v
    sig9 = (i64, i32, i64) -> i8 system_v
    sig10 = (i64, i32, i32, i64) -> i8 system_v
    sig11 = (i64, i32, i32, f64) -> i8 system_v
    sig12 = (i64, i32) system_v
    sig13 = (i64) system_v
    sig14 = (i64, i16) system_v
    fn0 = u1:0 sig14
    fn1 = u0:2 sig1
    fn2 = u0:3 sig2
    fn3 = u0:4 sig3
    fn4 = u0:5 sig4
    fn5 = u0:6 sig5
    fn6 = u0:7 sig6
    fn7 = u0:8 sig7
    fn8 = u0:9 sig8
    fn9 = u0:10 sig9
    fn10 = u0:11 sig10
    fn11 = u0:12 sig11
    fn12 = u0:13 sig12
    fn13 = u0:14 sig13
    fn14 = u0:15 sig13
    fn15 = u0:16 sig13
    fn16 = u0:17 sig13
    fn17 = u0:18 sig13
    fn18 = u0:19 sig13
    fn19 = u0:20 sig13
    fn20 = u0:21 sig13
    fn21 = u0:22 sig13
    fn22 = u0:23 sig13
    fn23 = u0:24 sig13
    fn24 = u0:25 sig12
    fn25 = u0:26 sig13
    fn26 = u0:27 sig4
    fn27 = u0:28 sig8

                                block0(v0: i64, v1: i64, v2: i64):
@0000                               v3 = load.i32 notrap aligned v1+680
@0000                               v4 = iconst.i32 13
@0000                               v5 = ushr v3, v4  ; v4 = 13
@0000                               v6 = band_imm v5, 1
@0000                               v7 = ireduce.i8 v6
@0000                               brif v7, block2, block1

                                block1 cold:
@0000                               v8 = iconst.i16 2048
@0000                               call fn0(v1, v8)  ; v8 = 2048
@0000                               v9 = global_value.i64 gv0
@0000                               v10 = iconst.i64 0
@0000                               v11 = iconst.i32 0x0002_0001
@0000                               v12 = call fn1(v0, v9, v10, v11)  ; v10 = 0, v11 = 0x0002_0001
@0000                               v13 = icmp_imm ne v12, 0
@0000                               brif v13, block3, block4

                                block3:
@0001                               return_call_indirect.i64 sig0, v12(v0, v1, v2)

                                block4 cold:
@0001                               return

                                block2:
@0000                               v14 = load.i32 notrap aligned v1+132
@0000                               v15 = iadd_imm v14, 0
@0000                               v16 = ushr_imm v15, 17
@0000                               v17 = uextend.i64 v16
@0000                               v18 = imul_imm v17, 8
@0000                               v19 = iadd.i64 v2, v18
@0000                               v20 = load.i64 notrap aligned readonly can_move v19
@0000                               brif v20, block5, block6

                                block5:
@0000                               v22 = band_imm.i32 v15, 0x0001_ffff
@0000                               v23 = icmp_imm ule v22, 0x0001_fffc
@0000                               v24 = uextend.i64 v22
@0000                               v25 = iadd.i64 v20, v24
@0000                               v26 = iconst.i64 0
@0000                               v27 = select v23, v25, v26  ; v26 = 0
@0000                               jump block7(v27)

                                block6:
@0000                               v28 = iconst.i64 0
@0000                               jump block7(v28)  ; v28 = 0

                                block7(v21: i64):
@0000                               brif v21, block8, block9

                                block8:
@0000                               v30 = load.i32 notrap aligned v21
@0000                               v31 = bswap v30
@0000                               jump block10(v31)

                                block9 cold:
@0000                               v32 = stack_addr.i64 ss0
@0000                               v33 = call fn4(v0, v15, v32)
@0000                               v34 = uextend.i32 v33
@0000                               v35 = icmp_imm eq v34, 1
@0000                               brif v35, block14, block11

                                block11 cold:
@0000                               v36 = icmp_imm.i32 eq v34, 2
@0000                               brif v36, block13, block12

                                block12 cold:
@0000                               store.i32 notrap aligned v15, v1+864
@0000                               v37 = iconst.i16 768
@0000                               call fn0(v1, v37)  ; v37 = 768
@0000                               v38 = global_value.i64 gv1
@0000                               v39 = iconst.i64 0
@0000                               v40 = iconst.i32 0x0002_0001
@0000                               v41 = call fn1(v0, v38, v39, v40)  ; v39 = 0, v40 = 0x0002_0001
@0000                               v42 = icmp_imm ne v41, 0
@0000                               brif v42, block15, block16

                                block15:
@0001                               return_call_indirect.i64 sig0, v41(v0, v1, v2)

                                block16 cold:
@0001                               return

                                block13 cold:
@0000                               v43 = global_value.i64 gv2
@0000                               v44 = iconst.i64 0xffff_ffff
@0000                               v45 = iconst.i32 0
@0000                               v46 = call fn1(v0, v43, v44, v45)  ; v44 = 0xffff_ffff, v45 = 0
@0000                               v47 = icmp_imm ne v46, 0
@0000                               brif v47, block17, block18

                                block17:
@0000                               return_call_indirect.i64 sig0, v46(v0, v1, v2)

                                block18 cold:
@0000                               return

                                block14:
@0000                               v48 = stack_load.i32 ss0
@0000                               jump block10(v48)

                                block10(v29: i32):
@0000                               v49 = bitcast.f32 v29
@0000                               v50 = fpromote.f64 v49
@0000                               v51 = splat.f64x2 v50
@0000                               v52 = load.i32 notrap aligned v1
@0000                               v53 = iadd_imm v52, 4
@0001                               v54 = iadd_imm.i32 v14, 4
@0001                               v55 = ushr_imm v54, 17
@0001                               v56 = uextend.i64 v55
@0001                               v57 = imul_imm v56, 8
@0001                               v58 = iadd.i64 v2, v57
@0001                               v59 = load.i64 notrap aligned readonly can_move v58
@0001                               brif v59, block19, block20

                                block19:
@0001                               v61 = band_imm.i32 v54, 0x0001_ffff
@0001                               v62 = icmp_imm ule v61, 0x0001_fffc
@0001                               v63 = uextend.i64 v61
@0001                               v64 = iadd.i64 v59, v63
@0001                               v65 = iconst.i64 0
@0001                               v66 = select v62, v64, v65  ; v65 = 0
@0001                               jump block21(v66)

                                block20:
@0001                               v67 = iconst.i64 0
@0001                               jump block21(v67)  ; v67 = 0

                                block21(v60: i64):
@0001                               brif v60, block22, block23

                                block22:
@0001                               v69 = load.i32 notrap aligned v60
@0001                               v70 = bswap v69
@0001                               jump block24(v70)

                                block23 cold:
@0001                               v71 = stack_addr.i64 ss0
@0001                               v72 = call fn4(v0, v54, v71)
@0001                               v73 = uextend.i32 v72
@0001                               v74 = icmp_imm eq v73, 1
@0001                               brif v74, block28, block25

                                block25 cold:
@0001                               v75 = icmp_imm.i32 eq v73, 2
@0001                               brif v75, block27, block26

                                block26 cold:
@0001                               store.i32 notrap aligned v54, v1+864
@0001                               v76 = iconst.i16 768
@0001                               store.f64x2 notrap aligned v51, v1+136
@0001                               store.i32 notrap aligned v53, v1
@0001                               call fn0(v1, v76)  ; v76 = 768
@0001                               v77 = global_value.i64 gv3
@0001                               v78 = iconst.i64 0
@0001                               v79 = iconst.i32 0x0004_0002
@0001                               v80 = call fn1(v0, v77, v78, v79)  ; v78 = 0, v79 = 0x0004_0002
@0001                               v81 = icmp_imm ne v80, 0
@0001                               brif v81, block29, block30

                                block29:
@0002                               return_call_indirect.i64 sig0, v80(v0, v1, v2)

                                block30 cold:
@0002                               return

                                block27 cold:
@0001                               store.f64x2 notrap aligned v51, v1+136
@0001                               store.i32 notrap aligned v53, v1
@0001                               v82 = global_value.i64 gv4
@0001                               v83 = iconst.i64 0xffff_ffff
@0001                               v84 = iconst.i32 0x0002_0001
@0001                               v85 = call fn1(v0, v82, v83, v84)  ; v83 = 0xffff_ffff, v84 = 0x0002_0001
@0001                               v86 = icmp_imm ne v85, 0
@0001                               brif v86, block31, block32

                                block31:
@0001                               return_call_indirect.i64 sig0, v85(v0, v1, v2)

                                block32 cold:
@0001                               return

                                block28:
@0001                               v87 = stack_load.i32 ss0
@0001                               jump block24(v87)

                                block24(v68: i32):
@0001                               v88 = bitcast.f32 v68
@0001                               v89 = fpromote.f64 v88
@0001                               v90 = splat.f64x2 v89
@0001                               v91 = iadd_imm.i32 v53, 4
@0002                               v92 = load.i32 notrap aligned v1+20
@0002                               v93 = iadd_imm v92, 8
@0002                               v94 = extractlane.f64x2 v51, 0
@0002                               v95 = load.i32 notrap aligned v1+872
@0002                               v96 = call fn11(v0, v93, v95, v94)
@0002                               brif v96, block34, block33

                                block33 cold:
@0002                               store.i32 notrap aligned v93, v1+864
@0002                               v97 = iconst.i16 768
@0002                               store.f64x2 notrap aligned v90, v1+152
@0002                               store.i32 notrap aligned v91, v1
@0002                               store.f64x2 notrap aligned v51, v1+136
@0002                               call fn0(v1, v97)  ; v97 = 768
@0002                               v98 = global_value.i64 gv5
@0002                               v99 = iconst.i64 0
@0002                               v100 = iconst.i32 0x0006_0003
@0002                               v101 = call fn1(v0, v98, v99, v100)  ; v99 = 0, v100 = 0x0006_0003
@0002                               v102 = icmp_imm ne v101, 0
@0002                               brif v102, block35, block36

                                block35:
@0003                               return_call_indirect.i64 sig0, v101(v0, v1, v2)

                                block36 cold:
@0003                               return

                                block34:
@0002                               v103 = uextend.i32 v96
@0002                               v104 = extractlane.f64x2 v51, 1
@0002                               v105 = iadd.i32 v93, v103
@0002                               v106 = call fn11(v0, v105, v95, v104)
@0002                               brif v106, block38, block37

                                block37 cold:
@0002                               store.i32 notrap aligned v105, v1+864
@0002                               v107 = iconst.i16 768
@0002                               store.f64x2 notrap aligned v90, v1+152
@0002                               store.i32 notrap aligned v91, v1
@0002                               store.f64x2 notrap aligned v51, v1+136
@0002                               call fn0(v1, v107)  ; v107 = 768
@0002                               v108 = global_value.i64 gv6
@0002                               v109 = iconst.i64 0
@0002                               v110 = iconst.i32 0x0006_0003
@0002                               v111 = call fn1(v0, v108, v109, v110)  ; v109 = 0, v110 = 0x0006_0003
@0002                               v112 = icmp_imm ne v111, 0
@0002                               brif v112, block39, block40

                                block39:
@0003                               return_call_indirect.i64 sig0, v111(v0, v1, v2)

                                block40 cold:
@0003                               return

                                block38:
@0002                               v113 = uextend.i32 v106
@0002                               v114 = iadd_imm.i32 v91, 4
@0003                               v115 = bitcast.i8x16 little v51
@0003                               v116 = bitcast.i8x16 little v90
@0003                               v117 = shuffle v115, v116, 0x1f1e1d1c1b1a19180706050403020100
@0003                               v118 = bitcast.f64x2 little v117
@0003                               v119 = iadd_imm v114, 4
@0004                               v120 = iadd_imm.i32 v92, 24
@0004                               v121 = extractlane.f64x2 v51, 0
@0004                               v122 = load.i32 notrap aligned v1+872
@0004                               v123 = call fn11(v0, v120, v122, v121)
@0004                               brif v123, block42, block41

                                block41 cold:
@0004                               store.i32 notrap aligned v120, v1+864
@0004                               v124 = iconst.i16 768
@0004                               store.f64x2 notrap aligned v90, v1+152
@0004                               store.i32 notrap aligned v119, v1
@0004                               store.f64x2 notrap aligned v51, v1+136
@0004                               store.f64x2 notrap aligned v118, v1+168
@0004                               call fn0(v1, v124)  ; v124 = 768
@0004                               v125 = global_value.i64 gv7
@0004                               v126 = iconst.i64 0
@0004                               v127 = iconst.i32 0x000a_0005
@0004                               v128 = call fn1(v0, v125, v126, v127)  ; v126 = 0, v127 = 0x000a_0005
@0004                               v129 = icmp_imm ne v128, 0
@0004                               brif v129, block43, block44

                                block43:
@0005                               return_call_indirect.i64 sig0, v128(v0, v1, v2)

                                block44 cold:
@0005                               return

                                block42:
@0004                               v130 = uextend.i32 v123
@0004                               v131 = extractlane.f64x2 v51, 1
@0004                               v132 = iadd.i32 v120, v130
@0004                               v133 = call fn11(v0, v132, v122, v131)
@0004                               brif v133, block46, block45

                                block45 cold:
@0004                               store.i32 notrap aligned v132, v1+864
@0004                               v134 = iconst.i16 768
@0004                               store.f64x2 notrap aligned v90, v1+152
@0004                               store.i32 notrap aligned v119, v1
@0004                               store.f64x2 notrap aligned v51, v1+136
@0004                               store.f64x2 notrap aligned v118, v1+168
@0004                               call fn0(v1, v134)  ; v134 = 768
@0004                               v135 = global_value.i64 gv8
@0004                               v136 = iconst.i64 0
@0004                               v137 = iconst.i32 0x000a_0005
@0004                               v138 = call fn1(v0, v135, v136, v137)  ; v136 = 0, v137 = 0x000a_0005
@0004                               v139 = icmp_imm ne v138, 0
@0004                               brif v139, block47, block48

                                block47:
@0005                               return_call_indirect.i64 sig0, v138(v0, v1, v2)

                                block48 cold:
@0005                               return

                                block46:
@0004                               v140 = uextend.i32 v133
@0004                               v141 = iadd_imm.i32 v119, 4
@0005                               v142 = bitcast.i8x16 little v90
@0005                               v143 = bitcast.i8x16 little v51
@0005                               v144 = shuffle v142, v143, 0x17161514131211100f0e0d0c0b0a0908
@0005                               v145 = bitcast.f64x2 little v144
@0005                               v146 = iadd_imm v141, 4
@0006                               v147 = iadd_imm.i32 v92, 32
@0006                               v148 = extractlane.f64x2 v51, 0
@0006                               v149 = load.i32 notrap aligned v1+872
@0006                               v150 = call fn11(v0, v147, v149, v148)
@0006                               brif v150, block50, block49

                                block49 cold:
@0006                               store.i32 notrap aligned v147, v1+864
@0006                               v151 = iconst.i16 768
@0006                               store.f64x2 notrap aligned v90, v1+152
@0006                               store.i32 notrap aligned v146, v1
@0006                               store.f64x2 notrap aligned v51, v1+136
@0006                               store.f64x2 notrap aligned v118, v1+168
@0006                               store.f64x2 notrap aligned v145, v1+184
@0006                               call fn0(v1, v151)  ; v151 = 768
@0006                               v152 = global_value.i64 gv9
@0006                               v153 = iconst.i64 0
@0006                               v154 = iconst.i32 0x000e_0007
@0006                               v155 = call fn1(v0, v152, v153, v154)  ; v153 = 0, v154 = 0x000e_0007
@0006                               v156 = icmp_imm ne v155, 0
@0006                               brif v156, block51, block52

                                block51:
@0007                               return_call_indirect.i64 sig0, v155(v0, v1, v2)

                                block52 cold:
@0007                               return

                                block50:
@0006                               v157 = uextend.i32 v150
@0006                               v158 = extractlane.f64x2 v51, 1
@0006                               v159 = iadd.i32 v147, v157
@0006                               v160 = call fn11(v0, v159, v149, v158)
@0006                               brif v160, block54, block53

                                block53 cold:
@0006                               store.i32 notrap aligned v159, v1+864
@0006                               v161 = iconst.i16 768
@0006                               store.f64x2 notrap aligned v90, v1+152
@0006                               store.i32 notrap aligned v146, v1
@0006                               store.f64x2 notrap aligned v51, v1+136
@0006                               store.f64x2 notrap aligned v118, v1+168
@0006                               store.f64x2 notrap aligned v145, v1+184
@0006                               call fn0(v1, v161)  ; v161 = 768
@0006                               v162 = global_value.i64 gv10
@0006                               v163 = iconst.i64 0
@0006                               v164 = iconst.i32 0x000e_0007
@0006                               v165 = call fn1(v0, v162, v163, v164)  ; v163 = 0, v164 = 0x000e_0007
@0006                               v166 = icmp_imm ne v165, 0
@0006                               brif v166, block55, block56

                                block55:
@0007                               return_call_indirect.i64 sig0, v165(v0, v1, v2)

                                block56 cold:
@0007                               return

                                block54:
@0006                               v167 = uextend.i32 v160
@0006                               v168 = iadd_imm.i32 v146, 4
@0007                               v169 = iadd_imm.i32 v92, 16
@0007                               v170 = extractlane.f64x2 v118, 0
@0007                               v171 = load.i32 notrap aligned v1+872
@0007                               v172 = call fn11(v0, v169, v171, v170)
@0007                               brif v172, block58, block57

                                block57 cold:
@0007                               store.i32 notrap aligned v169, v1+864
@0007                               v173 = iconst.i16 768
@0007                               store.f64x2 notrap aligned v90, v1+152
@0007                               store.i32 notrap aligned v168, v1
@0007                               store.f64x2 notrap aligned v51, v1+136
@0007                               store.f64x2 notrap aligned v118, v1+168
@0007                               store.f64x2 notrap aligned v145, v1+184
@0007                               call fn0(v1, v173)  ; v173 = 768
@0007                               v174 = global_value.i64 gv11
@0007                               v175 = iconst.i64 0
@0007                               v176 = iconst.i32 0x0010_0008
@0007                               v177 = call fn1(v0, v174, v175, v176)  ; v175 = 0, v176 = 0x0010_0008
@0007                               v178 = icmp_imm ne v177, 0
@0007                               brif v178, block59, block60

                                block59:
@0008                               return_call_indirect.i64 sig0, v177(v0, v1, v2)

                                block60 cold:
@0008                               return

                                block58:
@0007                               v179 = uextend.i32 v172
@0007                               v180 = extractlane.f64x2 v118, 1
@0007                               v181 = iadd.i32 v169, v179
@0007                               v182 = call fn11(v0, v181, v171, v180)
@0007                               brif v182, block62, block61

                                block61 cold:
@0007                               store.i32 notrap aligned v181, v1+864
@0007                               v183 = iconst.i16 768
@0007                               store.f64x2 notrap aligned v90, v1+152
@0007                               store.i32 notrap aligned v168, v1
@0007                               store.f64x2 notrap aligned v51, v1+136
@0007                               store.f64x2 notrap aligned v118, v1+168
@0007                               store.f64x2 notrap aligned v145, v1+184
@0007                               call fn0(v1, v183)  ; v183 = 768
@0007                               v184 = global_value.i64 gv12
@0007                               v185 = iconst.i64 0
@0007                               v186 = iconst.i32 0x0010_0008
@0007                               v187 = call fn1(v0, v184, v185, v186)  ; v185 = 0, v186 = 0x0010_0008
@0007                               v188 = icmp_imm ne v187, 0
@0007                               brif v188, block63, block64

                                block63:
@0008                               return_call_indirect.i64 sig0, v187(v0, v1, v2)

                                block64 cold:
@0008                               return

                                block62:
@0007                               v189 = uextend.i32 v182
@0007                               v190 = iadd_imm.i32 v168, 4
@0008                               v191 = iadd_imm.i32 v92, 0
@0008                               v192 = extractlane.f64x2 v145, 0
@0008                               v193 = load.i32 notrap aligned v1+872
@0008                               v194 = call fn11(v0, v191, v193, v192)
@0008                               brif v194, block66, block65

                                block65 cold:
@0008                               store.i32 notrap aligned v191, v1+864
@0008                               v195 = iconst.i16 768
@0008                               store.f64x2 notrap aligned v90, v1+152
@0008                               store.i32 notrap aligned v190, v1
@0008                               store.f64x2 notrap aligned v51, v1+136
@0008                               store.f64x2 notrap aligned v118, v1+168
@0008                               store.f64x2 notrap aligned v145, v1+184
@0008                               call fn0(v1, v195)  ; v195 = 768
@0008                               v196 = global_value.i64 gv13
@0008                               v197 = iconst.i64 0
@0008                               v198 = iconst.i32 0x0012_0009
@0008                               v199 = call fn1(v0, v196, v197, v198)  ; v197 = 0, v198 = 0x0012_0009
@0008                               v200 = icmp_imm ne v199, 0
@0008                               brif v200, block67, block68

                                block67:
@0009                               return_call_indirect.i64 sig0, v199(v0, v1, v2)

                                block68 cold:
@0009                               return

                                block66:
@0008                               v201 = uextend.i32 v194
@0008                               v202 = extractlane.f64x2 v145, 1
@0008                               v203 = iadd.i32 v191, v201
@0008                               v204 = call fn11(v0, v203, v193, v202)
@0008                               brif v204, block70, block69

                                block69 cold:
@0008                               store.i32 notrap aligned v203, v1+864
@0008                               v205 = iconst.i16 768
@0008                               store.f64x2 notrap aligned v90, v1+152
@0008                               store.i32 notrap aligned v190, v1
@0008                               store.f64x2 notrap aligned v51, v1+136
@0008                               store.f64x2 notrap aligned v118, v1+168
@0008                               store.f64x2 notrap aligned v145, v1+184
@0008                               call fn0(v1, v205)  ; v205 = 768
@0008                               v206 = global_value.i64 gv14
@0008                               v207 = iconst.i64 0
@0008                               v208 = iconst.i32 0x0012_0009
@0008                               v209 = call fn1(v0, v206, v207, v208)  ; v207 = 0, v208 = 0x0012_0009
@0008                               v210 = icmp_imm ne v209, 0
@0008                               brif v210, block71, block72

                                block71:
@0009                               return_call_indirect.i64 sig0, v209(v0, v1, v2)

                                block72 cold:
@0009                               return

                                block70:
@0008                               v211 = uextend.i32 v204
@0008                               v212 = iadd_imm.i32 v190, 4
@0009                               v213 = iadd_imm.i32 v92, 40
@0009                               v214 = extractlane.f64x2 v145, 0
@0009                               v215 = load.i32 notrap aligned v1+872
@0009                               v216 = call fn11(v0, v213, v215, v214)
@0009                               brif v216, block74, block73

                                block73 cold:
@0009                               store.i32 notrap aligned v213, v1+864
@0009                               v217 = iconst.i16 768
@0009                               store.f64x2 notrap aligned v90, v1+152
@0009                               store.i32 notrap aligned v212, v1
@0009                               store.f64x2 notrap aligned v51, v1+136
@0009                               store.f64x2 notrap aligned v118, v1+168
@0009                               store.f64x2 notrap aligned v145, v1+184
@0009                               call fn0(v1, v217)  ; v217 = 768
@0009                               v218 = global_value.i64 gv15
@0009                               v219 = iconst.i64 0
@0009                               v220 = iconst.i32 0x0014_000a
@0009                               v221 = call fn1(v0, v218, v219, v220)  ; v219 = 0, v220 = 0x0014_000a
@0009                               v222 = icmp_imm ne v221, 0
@0009                               brif v222, block75, block76

                                block75:
@000a                               return_call_indirect.i64 sig0, v221(v0, v1, v2)

                                block76 cold:
@000a                               return

                                block74:
@0009                               v223 = uextend.i32 v216
@0009                               v224 = extractlane.f64x2 v145, 1
@0009                               v225 = iadd.i32 v213, v223
@0009                               v226 = call fn11(v0, v225, v215, v224)
@0009                               brif v226, block78, block77

                                block77 cold:
@0009                               store.i32 notrap aligned v225, v1+864
@0009                               v227 = iconst.i16 768
@0009                               store.f64x2 notrap aligned v90, v1+152
@0009                               store.i32 notrap aligned v212, v1
@0009                               store.f64x2 notrap aligned v51, v1+136
@0009                               store.f64x2 notrap aligned v118, v1+168
@0009                               store.f64x2 notrap aligned v145, v1+184
@0009                               call fn0(v1, v227)  ; v227 = 768
@0009                               v228 = global_value.i64 gv16
@0009                               v229 = iconst.i64 0
@0009                               v230 = iconst.i32 0x0014_000a
@0009                               v231 = call fn1(v0, v228, v229, v230)  ; v229 = 0, v230 = 0x0014_000a
@0009                               v232 = icmp_imm ne v231, 0
@0009                               brif v232, block79, block80

                                block79:
@000a                               return_call_indirect.i64 sig0, v231(v0, v1, v2)

                                block80 cold:
@000a                               return

                                block78:
@0009                               v233 = uextend.i32 v226
@0009                               v234 = iadd_imm.i32 v212, 4
                                    store.f64x2 notrap aligned v90, v1+152
                                    store notrap aligned v234, v1
                                    store.f64x2 notrap aligned v51, v1+136
                                    store.f64x2 notrap aligned v118, v1+168
                                    store.f64x2 notrap aligned v145, v1+184
                                    v235 = global_value.i64 gv17
                                    v236 = iconst.i64 0
                                    v237 = iconst.i32 0x0014_000a
                                    v238 = call fn1(v0, v235, v236, v237)  ; v236 = 0, v237 = 0x0014_000a
                                    v239 = icmp_imm ne v238, 0
                                    brif v239, block81, block82

                                block81:
@000a                               return_call_indirect.i64 sig0, v238(v0, v1, v2)

                                block82 cold:
@000a                               return
}
