---
source: crates/ppcjit/src/test.rs
expression: disasm
---
  pushq %rbp
  unwind PushFrameRegs { offset_upward_to_caller_sp: 16 }
  movq %rsp, %rbp
  unwind DefineNewFrame { offset_upward_to_caller_sp: 16, offset_downward_to_clobbers: 48 }
  subq $0xb0, %rsp
  movq %rbx, 0x80(%rsp)
  unwind SaveReg { clobber_offset: 0, reg: p3i }
  movq %r12, 0x88(%rsp)
  unwind SaveReg { clobber_offset: 8, reg: p12i }
  movq %r13, 0x90(%rsp)
  unwind SaveReg { clobber_offset: 16, reg: p13i }
  movq %r14, 0x98(%rsp)
  unwind SaveReg { clobber_offset: 24, reg: p14i }
  movq %r15, 0xa0(%rsp)
  unwind SaveReg { clobber_offset: 32, reg: p15i }
block0:
  movq %rdi, <offset:1>+8(%rsp)
  movq %rsi, <offset:1>+0x10(%rsp)
  movq %rdx, <offset:1>+0x18(%rsp)
  movl 0x2a8(%rsi), %eax
  shrl $0xd, %eax
  testb $0x1, %al
  jnz     label4; j label1
block3:
  movq <offset:1>+0x18(%rsp), %rdx
  movq <offset:1>+0x10(%rsp), %rsi
  movq <offset:1>+8(%rsp), %rdi
  return_call_unknown %r10 (0) tmp=%r11 %rdi=%rdi %rsi=%rsi %rdx=%rdx
block4:
  movq <offset:1>+0x10(%rsp), %rsi
  movl 0x14(%rsi), %r12d
  movl 0x368(%rsi), %edx
  movq %rdx, %r14
  leaq <offset:1>+(%rsp), %rcx
  movq %rcx, %r13
  load_ext_name userextname10+0, %rax
  movq %r12, %rsi
  movq <offset:1>+8(%rsp), %rdi
  call    *%rax
  testb %al, %al
  jnz     label8; j label5
block7:
  movq <offset:1>+0x18(%rsp), %rdx
  movq <offset:1>+0x10(%rsp), %rsi
  movq <offset:1>+8(%rsp), %rdi
  return_call_unknown %r10 (0) tmp=%r11 %rdi=%rdi %rsi=%rsi %rdx=%rdx
block8:
  movsd <offset:1>+(%rsp), %xmm0
  movdqu %xmm0, <offset:1>+0x48(%rsp)
  movzbl %al, %eax
  leal (%r12, %rax), %ebx
  load_ext_name userextname10+0, %rax
  movq %r14, %rdx
  movq %r13, %rcx
  movq %rbx, %rsi
  movq <offset:1>+8(%rsp), %rdi
  call    *%rax
  testb %al, %al
  jnz     label12; j label9
block11:
  movq <offset:1>+0x18(%rsp), %rdx
  movq <offset:1>+0x10(%rsp), %rsi
  movq <offset:1>+8(%rsp), %rdi
  return_call_unknown %r10 (0) tmp=%r11 %rdi=%rdi %rsi=%rsi %rdx=%rdx
block12:
  movsd <offset:1>+(%rsp), %xmm0
  movq <offset:1>+0x10(%rsp), %rsi
  movdqu %xmm0, <offset:1>+0x38(%rsp)
  movl (%rsi), %ebx
  movl 0x368(%rsi), %edx
  leal 8(%r12), %esi
  load_ext_name userextname10+0, %rax
  movq %r13, %rcx
  movq <offset:1>+8(%rsp), %rdi
  call    *%rax
  testb %al, %al
  jnz     label16; j label13
block15:
  movq <offset:1>+0x18(%rsp), %rdx
  movq <offset:1>+0x10(%rsp), %rsi
  movq <offset:1>+8(%rsp), %rdi
  return_call_unknown %r10 (0) tmp=%r11 %rdi=%rdi %rsi=%rsi %rdx=%rdx
block16:
  movdqu <offset:1>+0x38(%rsp), %xmm1
  movdqu <offset:1>+0x48(%rsp), %xmm2
  movsd <offset:1>+(%rsp), %xmm0
  movq <offset:1>+0x10(%rsp), %rsi
  movdqu %xmm0, <offset:1>+0x28(%rsp)
  movupd 0x98(%rsi), %xmm3
  movl 0x28c(%rsi), %r15d
  movl 0x18(%rsi), %r12d
  movl 0x368(%rsi), %edx
  movq %rdx, %r13
  uninit  %xmm0
  xorpd %xmm0, %xmm0
  movsd %xmm2, %xmm0
  movlhps %xmm1, %xmm0
  movq %xmm3, %r8
  movq %r8, %rsi
  shrq $0x20, %rsi
  testl $0x7ff00000, %esi
  sete %dl
  andl $0xfffff, %esi
  orl %r8d, %esi
  testl %esi, %esi
  setne %sil
  movq $0xfffffffff8000000, %rdi
  movq %r8, %rax
  andq (%rip), %rax
  movq $0xffffffffffffffff, %r9
  bsrq %rax, %rcx
  cmoveq %r9, %rcx
  movl $0x3f, %eax
  subq %rcx, %rax
  leaq -0xb(%rax), %rcx
  sarq %cl, %rdi
  movq %r8, %r9
  andq %rdi, %r9
  movl $0x8000000, %edi
  shrq %cl, %rdi
  movq %r8, %rax
  andq %rdi, %rax
  leaq (%r9, %rax), %rdi
  movq %r8, %rax
  andq $0xfffffffff8000000, %rax
  andq $0x8000000, %r8
  leaq (%rax, %r8), %rcx
  testb %dl, %sil
  cmovneq %rdi, %rcx
  movq %rcx, %xmm1
  pshufd $0x44, %xmm1, %xmm1
  movdqa %xmm0, %xmm2
  mulpd %xmm1, %xmm2
  movdqu %xmm2, <offset:1>+0x48(%rsp)
  movdqu %xmm1, <offset:1>+0x58(%rsp)
  movdqu %xmm0, <offset:1>+0x68(%rsp)
  load_ext_name userextname11+0, %rax
  movq %r13, %rdx
  movq %r12, %rsi
  movq <offset:1>+8(%rsp), %rdi
  movdqu <offset:1>+0x48(%rsp), %xmm0
  call    *%rax
  testb %al, %al
  jnz     label20; j label17
block19:
  movq <offset:1>+0x18(%rsp), %rdx
  movq <offset:1>+0x10(%rsp), %rsi
  movq <offset:1>+8(%rsp), %rdi
  return_call_unknown %r10 (0) tmp=%r11 %rdi=%rdi %rsi=%rsi %rdx=%rdx
block20:
  movzbl %al, %eax
  leal (%r12, %rax), %r14d
  movdqu <offset:1>+0x48(%rsp), %xmm0
  pshufd $0xee, %xmm0, %xmm0
  load_ext_name userextname11+0, %rax
  movq %r13, %rdx
  movq %r14, %rsi
  movq <offset:1>+8(%rsp), %rdi
  call    *%rax
  testb %al, %al
  jnz     label24; j label21
block23:
  movq <offset:1>+0x18(%rsp), %rdx
  movq <offset:1>+0x10(%rsp), %rsi
  movq <offset:1>+8(%rsp), %rdi
  return_call_unknown %r10 (0) tmp=%r11 %rdi=%rdi %rsi=%rsi %rdx=%rdx
block24:
  movq <offset:1>+0x10(%rsp), %rsi
  movdqu <offset:1>+0x28(%rsp), %xmm2
  movl 0x368(%rsi), %edx
  movq %rdx, %r14
  leal 8(%r12), %r13d
  uninit  %xmm0
  xorpd %xmm0, %xmm0
  movsd %xmm2, %xmm0
  movabsq $0x3ff0000000000000, %rax
  movq %rax, %xmm1
  movlhps %xmm1, %xmm0
  movdqu <offset:1>+0x58(%rsp), %xmm1
  movdqa %xmm0, %xmm2
  mulpd %xmm1, %xmm2
  movdqu %xmm2, <offset:1>+0x28(%rsp)
  movdqu %xmm0, <offset:1>+0x38(%rsp)
  load_ext_name userextname11+0, %rax
  movq %r13, %rsi
  movq <offset:1>+8(%rsp), %rdi
  movdqu <offset:1>+0x28(%rsp), %xmm0
  call    *%rax
  testb %al, %al
  jnz     label28; j label25
block27:
  movq <offset:1>+0x18(%rsp), %rdx
  movq <offset:1>+0x10(%rsp), %rsi
  movq <offset:1>+8(%rsp), %rdi
  return_call_unknown %r10 (0) tmp=%r11 %rdi=%rdi %rsi=%rsi %rdx=%rdx
block28:
  movzbl %al, %eax
  leal 8(%r12, %rax), %r12d
  movdqu <offset:1>+0x28(%rsp), %xmm0
  pshufd $0xee, %xmm0, %xmm0
  load_ext_name userextname11+0, %rax
  movq %r14, %rdx
  movq %r12, %rsi
  movq <offset:1>+8(%rsp), %rdi
  call    *%rax
  testb %al, %al
  jnz     label32; j label29
block31:
  movq <offset:1>+0x18(%rsp), %rdx
  movq <offset:1>+0x10(%rsp), %rsi
  movq <offset:1>+8(%rsp), %rdi
  return_call_unknown %r10 (0) tmp=%r11 %rdi=%rdi %rsi=%rsi %rdx=%rdx
block32:
  movdqu <offset:1>+0x38(%rsp), %xmm0
  leal 0x18(%rbx), %edi
  movq <offset:1>+0x10(%rsp), %rsi
  movl %edi, (%rsi)
  movdqu <offset:1>+0x68(%rsp), %xmm1
  movupd %xmm1, 0xa8(%rsi)
  andl $0xfffe0fff, %r15d
  uninit  %xmm1
  xorpd %xmm1, %xmm1
  movdqu <offset:1>+0x48(%rsp), %xmm2
  ucomisd %xmm2, %xmm1
  seta %r10b
  movzbl %r10b, %ecx
  shll $0xf, %ecx
  ucomisd (%rip), %xmm2
  seta %r11b
  movzbl %r11b, %r10d
  shll $0xe, %r10d
  orl %r10d, %ecx
  ucomisd (%rip), %xmm2
  setnp %al
  sete %dl
  andl %edx, %eax
  movzbl %al, %r11d
  shll $0xd, %r11d
  orl %r11d, %ecx
  ucomisd (%rip), %xmm2
  setp %al
  movzbl %al, %eax
  shll $0xc, %eax
  orl %eax, %ecx
  orl %ecx, %r15d
  andl $0xfffe0fff, %r15d
  movdqu <offset:1>+0x28(%rsp), %xmm6
  ucomisd %xmm6, %xmm1
  seta %al
  movzbl %al, %ecx
  shll $0xf, %ecx
  movdqu <offset:1>+0x28(%rsp), %xmm1
  ucomisd (%rip), %xmm1
  seta %al
  movzbl %al, %eax
  shll $0xe, %eax
  orl %eax, %ecx
  ucomisd (%rip), %xmm1
  setnp %al
  sete %dl
  andl %edx, %eax
  movzbl %al, %eax
  shll $0xd, %eax
  orl %eax, %ecx
  ucomisd (%rip), %xmm1
  setp %al
  movzbl %al, %eax
  shll $0xc, %eax
  orl %eax, %ecx
  orl %ecx, %r15d
  movl %r15d, 0x28c(%rsi)
  movupd %xmm1, 0xc8(%rsi)
  movupd %xmm0, 0xb8(%rsi)
  load_ext_name userextname36+0, %rsi
  uninit  %rdx
  xorq %rdx, %rdx
  movl $0xc0006, %ecx
  load_ext_name userextname1+0, %rax
  movq <offset:1>+8(%rsp), %rdi
  call    *%rax
  testq %rax, %rax
  movq %rax, %r10
  jnz     label34; j label33
block34:
  movq <offset:1>+0x18(%rsp), %rdx
  movq <offset:1>+0x10(%rsp), %rsi
  movq <offset:1>+8(%rsp), %rdi
  return_call_unknown %r10 (0) tmp=%r11 %rdi=%rdi %rsi=%rsi %rdx=%rdx
block1:
  movl $0x800, %esi
  load_ext_name userextname0+0, %rax
  movq <offset:1>+0x10(%rsp), %rdi
  call    *%rax
  load_ext_name userextname28+0, %rsi
  uninit  %rdx
  xorq %rdx, %rdx
  movl $0x20001, %ecx
  load_ext_name userextname1+0, %rax
  movq <offset:1>+8(%rsp), %rdi
  call    *%rax
  testq %rax, %rax
  movq %rax, %r10
  jnz     label3; j label2
block2:
  movq 0x80(%rsp), %rbx
  movq 0x88(%rsp), %r12
  movq 0x90(%rsp), %r13
  movq 0x98(%rsp), %r14
  movq 0xa0(%rsp), %r15
  addq $0xb0, %rsp
  movq %rbp, %rsp
  popq %rbp
  retq
block5:
  movq <offset:1>+0x10(%rsp), %rsi
  movl %r12d, 0x360(%rsi)
  movl $0x300, %esi
  load_ext_name userextname0+0, %rax
  movq <offset:1>+0x10(%rsp), %rdi
  call    *%rax
  load_ext_name userextname29+0, %rsi
  uninit  %rdx
  xorq %rdx, %rdx
  movl $0x20001, %ecx
  load_ext_name userextname1+0, %rax
  movq <offset:1>+8(%rsp), %rdi
  call    *%rax
  testq %rax, %rax
  movq %rax, %r10
  jnz     label7; j label6
block6:
  movq 0x80(%rsp), %rbx
  movq 0x88(%rsp), %r12
  movq 0x90(%rsp), %r13
  movq 0x98(%rsp), %r14
  movq 0xa0(%rsp), %r15
  addq $0xb0, %rsp
  movq %rbp, %rsp
  popq %rbp
  retq
block9:
  movq <offset:1>+0x10(%rsp), %rsi
  movl %ebx, 0x360(%rsi)
  movl $0x300, %esi
  load_ext_name userextname0+0, %rax
  movq <offset:1>+0x10(%rsp), %rdi
  call    *%rax
  load_ext_name userextname30+0, %rsi
  uninit  %rdx
  xorq %rdx, %rdx
  movl $0x20001, %ecx
  load_ext_name userextname1+0, %rax
  movq <offset:1>+8(%rsp), %rdi
  call    *%rax
  testq %rax, %rax
  movq %rax, %r10
  jnz     label11; j label10
block10:
  movq 0x80(%rsp), %rbx
  movq 0x88(%rsp), %r12
  movq 0x90(%rsp), %r13
  movq 0x98(%rsp), %r14
  movq 0xa0(%rsp), %r15
  addq $0xb0, %rsp
  movq %rbp, %rsp
  popq %rbp
  retq
block13:
  leal 8(%r12), %eax
  movq <offset:1>+0x10(%rsp), %rsi
  movl %eax, 0x360(%rsi)
  uninit  %xmm0
  xorpd %xmm0, %xmm0
  movdqu <offset:1>+0x48(%rsp), %xmm2
  movsd %xmm2, %xmm0
  movdqu <offset:1>+0x38(%rsp), %xmm1
  movlhps %xmm1, %xmm0
  movupd %xmm0, 0xa8(%rsi)
  leal 4(%rbx), %eax
  movl %eax, (%rsi)
  movl $0x300, %esi
  load_ext_name userextname0+0, %rax
  movq <offset:1>+0x10(%rsp), %rdi
  call    *%rax
  load_ext_name userextname31+0, %rsi
  uninit  %rdx
  xorq %rdx, %rdx
  movl $0x40002, %ecx
  load_ext_name userextname1+0, %rax
  movq <offset:1>+8(%rsp), %rdi
  call    *%rax
  testq %rax, %rax
  movq %rax, %r10
  jnz     label15; j label14
block14:
  movq 0x80(%rsp), %rbx
  movq 0x88(%rsp), %r12
  movq 0x90(%rsp), %r13
  movq 0x98(%rsp), %r14
  movq 0xa0(%rsp), %r15
  addq $0xb0, %rsp
  movq %rbp, %rsp
  popq %rbp
  retq
block17:
  movq <offset:1>+0x10(%rsp), %rsi
  movl %r12d, 0x360(%rsi)
  leal 0xc(%rbx), %ecx
  movl %ecx, (%rsi)
  movdqu <offset:1>+0x68(%rsp), %xmm0
  movupd %xmm0, 0xa8(%rsi)
  andl $0xfffe0fff, %r15d
  uninit  %xmm3
  xorpd %xmm3, %xmm3
  movdqu <offset:1>+0x48(%rsp), %xmm0
  ucomisd %xmm0, %xmm3
  seta %sil
  movzbl %sil, %ecx
  shll $0xf, %ecx
  ucomisd (%rip), %xmm0
  seta %sil
  movzbl %sil, %esi
  shll $0xe, %esi
  orl %esi, %ecx
  ucomisd (%rip), %xmm0
  setnp %sil
  sete %dil
  andl %edi, %esi
  movzbl %sil, %esi
  shll $0xd, %esi
  orl %esi, %ecx
  ucomisd (%rip), %xmm0
  setp %dil
  movzbl %dil, %esi
  shll $0xc, %esi
  orl %esi, %ecx
  orl %ecx, %r15d
  movq <offset:1>+0x10(%rsp), %rsi
  movl %r15d, 0x28c(%rsi)
  movupd %xmm0, 0xc8(%rsi)
  uninit  %xmm4
  xorpd %xmm4, %xmm4
  movdqu <offset:1>+0x28(%rsp), %xmm0
  movsd %xmm0, %xmm4
  movabsq $0x3ff0000000000000, %r8
  movq %r8, %xmm0
  movlhps %xmm0, %xmm4
  movupd %xmm4, 0xb8(%rsi)
  movl $0x300, %esi
  load_ext_name userextname0+0, %r10
  movq <offset:1>+0x10(%rsp), %rdi
  call    *%r10
  load_ext_name userextname32+0, %rsi
  uninit  %rdx
  xorq %rdx, %rdx
  movl $0x80004, %ecx
  load_ext_name userextname1+0, %r11
  movq <offset:1>+8(%rsp), %rdi
  call    *%r11
  testq %rax, %rax
  movq %rax, %r10
  jnz     label19; j label18
block18:
  movq 0x80(%rsp), %rbx
  movq 0x88(%rsp), %r12
  movq 0x90(%rsp), %r13
  movq 0x98(%rsp), %r14
  movq 0xa0(%rsp), %r15
  addq $0xb0, %rsp
  movq %rbp, %rsp
  popq %rbp
  retq
block21:
  movq <offset:1>+0x10(%rsp), %rsi
  movl %r14d, 0x360(%rsi)
  leal 0xc(%rbx), %eax
  movl %eax, (%rsi)
  movdqu <offset:1>+0x68(%rsp), %xmm0
  movupd %xmm0, 0xa8(%rsi)
  andl $0xfffe0fff, %r15d
  uninit  %xmm0
  xorpd %xmm0, %xmm0
  movdqu <offset:1>+0x48(%rsp), %xmm1
  ucomisd %xmm1, %xmm0
  seta %al
  movzbl %al, %esi
  shll $0xf, %esi
  movdqu <offset:1>+0x48(%rsp), %xmm0
  ucomisd (%rip), %xmm0
  seta %al
  movzbl %al, %eax
  shll $0xe, %eax
  orl %eax, %esi
  ucomisd (%rip), %xmm0
  setnp %al
  sete %cl
  andl %ecx, %eax
  movzbl %al, %eax
  shll $0xd, %eax
  orl %eax, %esi
  ucomisd (%rip), %xmm0
  setp %al
  movzbl %al, %eax
  shll $0xc, %eax
  orl %eax, %esi
  orl %esi, %r15d
  movq <offset:1>+0x10(%rsp), %rsi
  movl %r15d, 0x28c(%rsi)
  movupd %xmm0, 0xc8(%rsi)
  uninit  %xmm0
  xorpd %xmm0, %xmm0
  movdqu <offset:1>+0x28(%rsp), %xmm2
  movsd %xmm2, %xmm0
  movabsq $0x3ff0000000000000, %rax
  movq %rax, %xmm1
  movlhps %xmm1, %xmm0
  movupd %xmm0, 0xb8(%rsi)
  movl $0x300, %esi
  load_ext_name userextname0+0, %rax
  movq <offset:1>+0x10(%rsp), %rdi
  call    *%rax
  load_ext_name userextname33+0, %rsi
  uninit  %rdx
  xorq %rdx, %rdx
  movl $0x80004, %ecx
  load_ext_name userextname1+0, %rax
  movq <offset:1>+8(%rsp), %rdi
  call    *%rax
  testq %rax, %rax
  movq %rax, %r10
  jnz     label23; j label22
block22:
  movq 0x80(%rsp), %rbx
  movq 0x88(%rsp), %r12
  movq 0x90(%rsp), %r13
  movq 0x98(%rsp), %r14
  movq 0xa0(%rsp), %r15
  addq $0xb0, %rsp
  movq %rbp, %rsp
  popq %rbp
  retq
block25:
  movq <offset:1>+0x10(%rsp), %rsi
  movl %r13d, 0x360(%rsi)
  leal 0x14(%rbx), %eax
  movl %eax, (%rsi)
  movdqu <offset:1>+0x68(%rsp), %xmm0
  movupd %xmm0, 0xa8(%rsi)
  andl $0xfffe0fff, %r15d
  uninit  %xmm0
  xorpd %xmm0, %xmm0
  movdqu <offset:1>+0x48(%rsp), %xmm7
  ucomisd %xmm7, %xmm0
  seta %al
  movzbl %al, %ecx
  shll $0xf, %ecx
  movdqu <offset:1>+0x48(%rsp), %xmm1
  ucomisd (%rip), %xmm1
  seta %al
  movzbl %al, %eax
  shll $0xe, %eax
  orl %eax, %ecx
  ucomisd (%rip), %xmm1
  setnp %al
  sete %dl
  andl %edx, %eax
  movzbl %al, %eax
  shll $0xd, %eax
  orl %eax, %ecx
  ucomisd (%rip), %xmm1
  setp %al
  movzbl %al, %eax
  shll $0xc, %eax
  orl %eax, %ecx
  orl %ecx, %r15d
  andl $0xfffe0fff, %r15d
  movdqu <offset:1>+0x28(%rsp), %xmm1
  ucomisd %xmm1, %xmm0
  seta %al
  movzbl %al, %ecx
  shll $0xf, %ecx
  movdqu <offset:1>+0x28(%rsp), %xmm0
  ucomisd (%rip), %xmm0
  seta %al
  movzbl %al, %eax
  shll $0xe, %eax
  orl %eax, %ecx
  ucomisd (%rip), %xmm0
  setnp %al
  sete %dl
  andl %edx, %eax
  movzbl %al, %eax
  shll $0xd, %eax
  orl %eax, %ecx
  ucomisd (%rip), %xmm0
  setp %al
  movzbl %al, %eax
  shll $0xc, %eax
  orl %eax, %ecx
  orl %ecx, %r15d
  movl %r15d, 0x28c(%rsi)
  movupd %xmm0, 0xc8(%rsi)
  movdqu <offset:1>+0x38(%rsp), %xmm0
  movupd %xmm0, 0xb8(%rsi)
  movl $0x300, %esi
  load_ext_name userextname0+0, %rax
  movq <offset:1>+0x10(%rsp), %rdi
  call    *%rax
  load_ext_name userextname34+0, %rsi
  uninit  %rdx
  xorq %rdx, %rdx
  movl $0xc0006, %ecx
  load_ext_name userextname1+0, %rax
  movq <offset:1>+8(%rsp), %rdi
  call    *%rax
  testq %rax, %rax
  movq %rax, %r10
  jnz     label27; j label26
block26:
  movq 0x80(%rsp), %rbx
  movq 0x88(%rsp), %r12
  movq 0x90(%rsp), %r13
  movq 0x98(%rsp), %r14
  movq 0xa0(%rsp), %r15
  addq $0xb0, %rsp
  movq %rbp, %rsp
  popq %rbp
  retq
block29:
  movq <offset:1>+0x10(%rsp), %rsi
  movl %r12d, 0x360(%rsi)
  leal 0x14(%rbx), %eax
  movl %eax, (%rsi)
  movdqu <offset:1>+0x68(%rsp), %xmm0
  movupd %xmm0, 0xa8(%rsi)
  andl $0xfffe0fff, %r15d
  uninit  %xmm0
  xorpd %xmm0, %xmm0
  movdqu <offset:1>+0x48(%rsp), %xmm1
  ucomisd %xmm1, %xmm0
  seta %al
  movzbl %al, %ecx
  shll $0xf, %ecx
  ucomisd (%rip), %xmm1
  seta %al
  movzbl %al, %eax
  shll $0xe, %eax
  orl %eax, %ecx
  ucomisd (%rip), %xmm1
  setnp %al
  sete %dl
  andl %edx, %eax
  movzbl %al, %eax
  shll $0xd, %eax
  orl %eax, %ecx
  ucomisd (%rip), %xmm1
  setp %al
  movzbl %al, %eax
  shll $0xc, %eax
  orl %eax, %ecx
  orl %ecx, %r15d
  andl $0xfffe0fff, %r15d
  movdqu <offset:1>+0x28(%rsp), %xmm1
  ucomisd %xmm1, %xmm0
  seta %al
  movzbl %al, %ecx
  shll $0xf, %ecx
  movdqu <offset:1>+0x28(%rsp), %xmm0
  ucomisd (%rip), %xmm0
  seta %al
  movzbl %al, %eax
  shll $0xe, %eax
  orl %eax, %ecx
  ucomisd (%rip), %xmm0
  setnp %al
  sete %dl
  andl %edx, %eax
  movzbl %al, %eax
  shll $0xd, %eax
  orl %eax, %ecx
  ucomisd (%rip), %xmm0
  setp %al
  movzbl %al, %eax
  shll $0xc, %eax
  orl %eax, %ecx
  orl %ecx, %r15d
  movl %r15d, 0x28c(%rsi)
  movupd %xmm0, 0xc8(%rsi)
  movdqu <offset:1>+0x38(%rsp), %xmm0
  movupd %xmm0, 0xb8(%rsi)
  movl $0x300, %esi
  load_ext_name userextname0+0, %r8
  movq <offset:1>+0x10(%rsp), %rdi
  call    *%r8
  load_ext_name userextname35+0, %rsi
  uninit  %rdx
  xorq %rdx, %rdx
  movl $0xc0006, %ecx
  load_ext_name userextname1+0, %r8
  movq <offset:1>+8(%rsp), %rdi
  call    *%r8
  testq %rax, %rax
  movq %rax, %r10
  jnz     label31; j label30
block30:
  movq 0x80(%rsp), %rbx
  movq 0x88(%rsp), %r12
  movq 0x90(%rsp), %r13
  movq 0x98(%rsp), %r14
  movq 0xa0(%rsp), %r15
  addq $0xb0, %rsp
  movq %rbp, %rsp
  popq %rbp
  retq
block33:
  movq 0x80(%rsp), %rbx
  movq 0x88(%rsp), %r12
  movq 0x90(%rsp), %r13
  movq 0x98(%rsp), %r14
  movq 0xa0(%rsp), %r15
  addq $0xb0, %rsp
  movq %rbp, %rsp
  popq %rbp
  retq
